#
# There is insufficient memory for the Java Runtime Environment to continue.
# Native memory allocation (malloc) failed to allocate 1082592 bytes. Error detail: Chunk::new
# Possible reasons:
#   The system is out of physical RAM or swap space
#   This process is running with CompressedOops enabled, and the Java Heap may be blocking the growth of the native heap
# Possible solutions:
#   Reduce memory load on the system
#   Increase physical memory or swap space
#   Check if swap backing store is full
#   Decrease Java heap size (-Xmx/-Xms)
#   Decrease number of Java threads
#   Decrease Java thread stack sizes (-Xss)
#   Set larger code cache with -XX:ReservedCodeCacheSize=
#   JVM is running with Unscaled Compressed Oops mode in which the Java heap is
#     placed in the first 4GB address space. The Java Heap base address is the
#     maximum limit for the native heap growth. Please use -XX:HeapBaseMinAddress
#     to set the Java Heap base and to place the Java Heap above 4GB virtual address.
# This output file may be truncated or incomplete.
#
#  Out of Memory Error (arena.cpp:168), pid=19764, tid=7192
#
# JRE version: OpenJDK Runtime Environment Temurin-21.0.11+10 (21.0.11+10) (build 21.0.11+10-LTS)
# Java VM: OpenJDK 64-Bit Server VM Temurin-21.0.11+10 (21.0.11+10-LTS, mixed mode, sharing, tiered, compressed oops, compressed class ptrs, parallel gc, windows-amd64)
# No core dump will be written. Minidumps are not enabled by default on client versions of Windows
#

---------------  S U M M A R Y ------------

Command Line: --add-modules=ALL-SYSTEM --add-opens=java.base/java.util=ALL-UNNAMED --add-opens=java.base/java.lang=ALL-UNNAMED --add-opens=java.base/sun.nio.fs=ALL-UNNAMED -Declipse.application=org.eclipse.jdt.ls.core.id1 -Dosgi.bundles.defaultStartLevel=4 -Declipse.product=org.eclipse.jdt.ls.core.product -Djava.import.generatesMetadataFilesAtProjectRoot=false -DDetectVMInstallationsJob.disabled=true -Dfile.encoding=utf8 -XX:+UseParallelGC -XX:GCTimeRatio=4 -XX:AdaptiveSizePolicyWeight=90 -Dsun.zip.disableMemoryMapping=true -Xmx2G -Xms100m -Xlog:disable -javaagent:c:\Users\birad\.vscode\extensions\redhat.java-1.55.0-win32-x64\lombok\lombok-1.18.39-4050.jar -XX:+HeapDumpOnOutOfMemoryError -XX:HeapDumpPath=c:\Users\birad\AppData\Roaming\Code\User\workspaceStorage\f13551f67a0f6e47627a7127653a4e58\redhat.java -Daether.dependencyCollector.impl=bf c:\Users\birad\.vscode\extensions\redhat.java-1.55.0-win32-x64\server\plugins\org.eclipse.equinox.launcher_1.7.200.v20260619-2039.jar -configuration c:\Users\birad\AppData\Roaming\Code\User\globalStorage\redhat.java\1.55.0\config_win -data c:\Users\birad\AppData\Roaming\Code\User\workspaceStorage\f13551f67a0f6e47627a7127653a4e58\redhat.java\jdt_ws --pipe=\\.\pipe\lsp-d014e1e57bd930db79b0298833e006f8-sock

Host: 11th Gen Intel(R) Core(TM) i5-1135G7 @ 2.40GHz, 8 cores, 15G,  Windows 11 , 64 bit Build 26100 (10.0.26100.8875)
Time: Tue Aug 11 21:40:30 2026 India Standard Time elapsed time: 63.078076 seconds (0d 0h 1m 3s)

---------------  T H R E A D  ---------------

Current thread (0x000001dd3b6ad250):  JavaThread "C2 CompilerThread0" daemon [_thread_in_native, id=7192, stack(0x000000833d100000,0x000000833d200000) (1024K)]


Current CompileTask:
C2:63078 9600       4       java.lang.invoke.MethodHandleImpl::makePairwiseConvertByEditor (617 bytes)

Stack: [0x000000833d100000,0x000000833d200000]
Native frames: (J=compiled Java code, j=interpreted, Vv=VM code, C=native code)
V  [jvm.dll+0x6d7e19]
V  [jvm.dll+0x8b5096]
V  [jvm.dll+0x8b764e]
V  [jvm.dll+0x8b7d33]
V  [jvm.dll+0x284596]
V  [jvm.dll+0xc685d]
V  [jvm.dll+0xc6da1]
V  [jvm.dll+0x3bed6b]
V  [jvm.dll+0x38b2b2]
V  [jvm.dll+0x38a6fa]
V  [jvm.dll+0x24c700]
V  [jvm.dll+0x24bce0]
V  [jvm.dll+0x1cb4ae]
V  [jvm.dll+0x25baad]
V  [jvm.dll+0x25a03a]
V  [jvm.dll+0x3f868e]
V  [jvm.dll+0x85fb0d]
V  [jvm.dll+0x6d664d]
C  [ucrtbase.dll+0x2cd30]
C  [KERNEL32.DLL+0x2e957]
C  [ntdll.dll+0xaad6c]


---------------  P R O C E S S  ---------------

Threads class SMR info:
_java_thread_list=0x000001dd9da75d70, length=43, elements={
0x000001dd3b732590, 0x000001dd3b69fb60, 0x000001dd3b6a1830, 0x000001dd3b6a39f0,
0x000001dd3b6a48b0, 0x000001dd3b6a95a0, 0x000001dd3b6aa000, 0x000001dd3b6ad250,
0x000001dd949e0570, 0x000001dd94bb06e0, 0x000001dd94ca8c20, 0x000001dd992bf100,
0x000001dd997c7ca0, 0x000001dd995be030, 0x000001dd99763f60, 0x000001dd993a67f0,
0x000001dd998f1ea0, 0x000001dd99d6bf20, 0x000001dd9a0db820, 0x000001dd9a0dbeb0,
0x000001dd9a0db190, 0x000001dd9a0ddf80, 0x000001dd9a0dd8f0, 0x000001dd9a0dcbd0,
0x000001dd9a0dd260, 0x000001dd9a0dc540, 0x000001dd9d884820, 0x000001dd9d8820c0,
0x000001dd9d884eb0, 0x000001dd9d883470, 0x000001dd9d881a30, 0x000001dd9d885540,
0x000001dd9d885bd0, 0x000001dd9d882750, 0x000001dd9d886260, 0x000001dd9d883b00,
0x000001dd9d882de0, 0x000001dd9d886f80, 0x000001dd9a4981a0, 0x000001dd9a498f40,
0x000001dd94b224e0, 0x000001dd94b20410, 0x000001dd94b22b70
}

Java Threads: ( => current thread )
  0x000001dd3b732590 JavaThread "main"                              [_thread_blocked, id=3540, stack(0x000000833c700000,0x000000833c800000) (1024K)]
  0x000001dd3b69fb60 JavaThread "Reference Handler"          daemon [_thread_blocked, id=20260, stack(0x000000833cb00000,0x000000833cc00000) (1024K)]
  0x000001dd3b6a1830 JavaThread "Finalizer"                  daemon [_thread_blocked, id=4320, stack(0x000000833cc00000,0x000000833cd00000) (1024K)]
  0x000001dd3b6a39f0 JavaThread "Signal Dispatcher"          daemon [_thread_blocked, id=12552, stack(0x000000833cd00000,0x000000833ce00000) (1024K)]
  0x000001dd3b6a48b0 JavaThread "Attach Listener"            daemon [_thread_blocked, id=7536, stack(0x000000833ce00000,0x000000833cf00000) (1024K)]
  0x000001dd3b6a95a0 JavaThread "Service Thread"             daemon [_thread_blocked, id=6436, stack(0x000000833cf00000,0x000000833d000000) (1024K)]
  0x000001dd3b6aa000 JavaThread "Monitor Deflation Thread"   daemon [_thread_blocked, id=21732, stack(0x000000833d000000,0x000000833d100000) (1024K)]
=>0x000001dd3b6ad250 JavaThread "C2 CompilerThread0"         daemon [_thread_in_native, id=7192, stack(0x000000833d100000,0x000000833d200000) (1024K)]
  0x000001dd949e0570 JavaThread "C1 CompilerThread0"         daemon [_thread_blocked, id=12032, stack(0x000000833d200000,0x000000833d300000) (1024K)]
  0x000001dd94bb06e0 JavaThread "Common-Cleaner"             daemon [_thread_blocked, id=21804, stack(0x000000833d300000,0x000000833d400000) (1024K)]
  0x000001dd94ca8c20 JavaThread "Notification Thread"        daemon [_thread_blocked, id=21632, stack(0x000000833d400000,0x000000833d500000) (1024K)]
  0x000001dd992bf100 JavaThread "Active Thread: Equinox Container: 538b5d85-4765-42f3-90b1-c23c8773bad8"        [_thread_blocked, id=14768, stack(0x000000833dd00000,0x000000833de00000) (1024K)]
  0x000001dd997c7ca0 JavaThread "Refresh Thread: Equinox Container: 538b5d85-4765-42f3-90b1-c23c8773bad8" daemon [_thread_blocked, id=20436, stack(0x000000833dc00000,0x000000833dd00000) (1024K)]
  0x000001dd995be030 JavaThread "Framework Event Dispatcher: Equinox Container: 538b5d85-4765-42f3-90b1-c23c8773bad8" daemon [_thread_blocked, id=22172, stack(0x000000833de00000,0x000000833df00000) (1024K)]
  0x000001dd99763f60 JavaThread "Start Level: Equinox Container: 538b5d85-4765-42f3-90b1-c23c8773bad8" daemon [_thread_blocked, id=18744, stack(0x000000833df00000,0x000000833e000000) (1024K)]
  0x000001dd993a67f0 JavaThread "Bundle File Closer"         daemon [_thread_blocked, id=15168, stack(0x000000833e200000,0x000000833e300000) (1024K)]
  0x000001dd998f1ea0 JavaThread "SCR Component Actor"        daemon [_thread_blocked, id=10424, stack(0x000000833c500000,0x000000833c600000) (1024K)]
  0x000001dd99d6bf20 JavaThread "Worker-JM"                         [_thread_blocked, id=10212, stack(0x000000833e300000,0x000000833e400000) (1024K)]
  0x000001dd9a0db820 JavaThread "JNA Cleaner"                daemon [_thread_blocked, id=10800, stack(0x000000833e000000,0x000000833e100000) (1024K)]
  0x000001dd9a0dbeb0 JavaThread "Worker-0: Refreshing workspace"        [_thread_in_native, id=19576, stack(0x000000833e100000,0x000000833e200000) (1024K)]
  0x000001dd9a0db190 JavaThread "Worker-1"                          [_thread_blocked, id=1736, stack(0x000000833e400000,0x000000833e500000) (1024K)]
  0x000001dd9a0ddf80 JavaThread "Java indexing"              daemon [_thread_in_Java, id=6824, stack(0x000000833e700000,0x000000833e800000) (1024K)]
  0x000001dd9a0dd8f0 JavaThread "Worker-2: Java indexing... "        [_thread_blocked, id=21064, stack(0x000000833e800000,0x000000833e900000) (1024K)]
  0x000001dd9a0dcbd0 JavaThread "Worker-3"                          [_thread_blocked, id=20868, stack(0x000000833e900000,0x000000833ea00000) (1024K)]
  0x000001dd9a0dd260 JavaThread "Worker-4"                          [_thread_blocked, id=19792, stack(0x000000833ec00000,0x000000833ed00000) (1024K)]
  0x000001dd9a0dc540 JavaThread "Worker-5: Initialize workspace"        [_thread_blocked, id=20412, stack(0x000000833ed00000,0x000000833ee00000) (1024K)]
  0x000001dd9d884820 JavaThread "Thread-1"                   daemon [_thread_in_native, id=14408, stack(0x000000833ee00000,0x000000833ef00000) (1024K)]
  0x000001dd9d8820c0 JavaThread "Thread-2"                   daemon [_thread_in_native, id=21144, stack(0x000000833ef00000,0x000000833f000000) (1024K)]
  0x000001dd9d884eb0 JavaThread "Thread-3"                   daemon [_thread_in_native, id=21428, stack(0x000000833f000000,0x000000833f100000) (1024K)]
  0x000001dd9d883470 JavaThread "Thread-4"                   daemon [_thread_in_native, id=16456, stack(0x000000833f100000,0x000000833f200000) (1024K)]
  0x000001dd9d881a30 JavaThread "Thread-5"                   daemon [_thread_in_native, id=16464, stack(0x000000833f200000,0x000000833f300000) (1024K)]
  0x000001dd9d885540 JavaThread "Thread-6"                   daemon [_thread_in_native, id=14896, stack(0x000000833f300000,0x000000833f400000) (1024K)]
  0x000001dd9d885bd0 JavaThread "Thread-7"                   daemon [_thread_in_native, id=19380, stack(0x000000833f400000,0x000000833f500000) (1024K)]
  0x000001dd9d882750 JavaThread "Thread-8"                   daemon [_thread_in_native, id=11324, stack(0x000000833f500000,0x000000833f600000) (1024K)]
  0x000001dd9d886260 JavaThread "Thread-9"                   daemon [_thread_in_native, id=4020, stack(0x000000833f600000,0x000000833f700000) (1024K)]
  0x000001dd9d883b00 JavaThread "pool-2-thread-1"                   [_thread_blocked, id=5876, stack(0x000000833f700000,0x000000833f800000) (1024K)]
  0x000001dd9d882de0 JavaThread "WorkspaceEventsHandler"            [_thread_blocked, id=20924, stack(0x000000833f800000,0x000000833f900000) (1024K)]
  0x000001dd9d886f80 JavaThread "pool-1-thread-1"                   [_thread_blocked, id=21660, stack(0x000000833f900000,0x000000833fa00000) (1024K)]
  0x000001dd9a4981a0 JavaThread "C2 CompilerThread1"         daemon [_thread_blocked, id=20392, stack(0x000000833e500000,0x000000833e600000) (1024K)]
  0x000001dd9a498f40 JavaThread "C2 CompilerThread2"         daemon [_thread_blocked, id=17060, stack(0x000000833e600000,0x000000833e700000) (1024K)]
  0x000001dd94b224e0 JavaThread "ForkJoinPool.commonPool-worker-1" daemon [_thread_blocked, id=1244, stack(0x000000833fc00000,0x000000833fd00000) (1024K)]
  0x000001dd94b20410 JavaThread "ForkJoinPool.commonPool-worker-2" daemon [_thread_blocked, id=13152, stack(0x000000833fb00000,0x000000833fc00000) (1024K)]
  0x000001dd94b22b70 JavaThread "ForkJoinPool.commonPool-worker-3" daemon [_thread_blocked, id=9344, stack(0x000000833fd00000,0x000000833fe00000) (1024K)]
Total: 43

Other Threads:
  0x000001dd3b682480 VMThread "VM Thread"                           [id=13008, stack(0x000000833ca00000,0x000000833cb00000) (1024K)]
  0x000001dd3b79f4f0 WatcherThread "VM Periodic Task Thread"        [id=12240, stack(0x000000833c900000,0x000000833ca00000) (1024K)]
  0x000001dd3b750db0 WorkerThread "GC Thread#0"                     [id=22416, stack(0x000000833c800000,0x000000833c900000) (1024K)]
  0x000001dd99464dd0 WorkerThread "GC Thread#1"                     [id=22004, stack(0x000000833d600000,0x000000833d700000) (1024K)]
  0x000001dd99465180 WorkerThread "GC Thread#2"                     [id=22020, stack(0x000000833d700000,0x000000833d800000) (1024K)]
  0x000001dd993e6840 WorkerThread "GC Thread#3"                     [id=6180, stack(0x000000833d800000,0x000000833d900000) (1024K)]
  0x000001dd993e7400 WorkerThread "GC Thread#4"                     [id=22476, stack(0x000000833d900000,0x000000833da00000) (1024K)]
  0x000001dd994b7720 WorkerThread "GC Thread#5"                     [id=22412, stack(0x000000833da00000,0x000000833db00000) (1024K)]
  0x000001dd994b7ad0 WorkerThread "GC Thread#6"                     [id=8920, stack(0x000000833db00000,0x000000833dc00000) (1024K)]
  0x000001dd3b6b0650 WorkerThread "GC Thread#7"                     [id=13916, stack(0x000000833d500000,0x000000833d600000) (1024K)]
Total: 10

Threads with active compile tasks:
C2 CompilerThread0  63110 9600       4       java.lang.invoke.MethodHandleImpl::makePairwiseConvertByEditor (617 bytes)
Total: 1

VM state: not at safepoint (normal execution)

VM Mutex/Monitor currently owned by a thread: None

Heap address: 0x0000000080000000, size: 2048 MB, Compressed Oops mode: 32-bit

CDS archive(s) mapped at: [0x000001dd52000000-0x000001dd52ba0000-0x000001dd52ba0000), size 12189696, SharedBaseAddress: 0x000001dd52000000, ArchiveRelocationMode: 1.
Compressed class space mapped at: 0x000001dd53000000-0x000001dd93000000, reserved size: 1073741824
Narrow klass base: 0x000001dd52000000, Narrow klass shift: 0, Narrow klass range: 0x100000000

GC Precious Log:
 CardTable entry size: 512
 CPUs: 8 total, 8 available
 Memory: 16118M
 Large Page Support: Disabled
 NUMA Support: Disabled
 Compressed Oops: Enabled (32-bit)
 Alignments: Space 512K, Generation 512K, Heap 2M
 Heap Min Capacity: 100M
 Heap Initial Capacity: 100M
 Heap Max Capacity: 2G
 Pre-touch: Disabled
 Parallel Workers: 8

Heap:
 PSYoungGen      total 6656K, used 5438K [0x00000000d5580000, 0x00000000d5e00000, 0x0000000100000000)
  eden space 5120K, 83% used [0x00000000d5580000,0x00000000d59ac348,0x00000000d5a80000)
  from space 1536K, 76% used [0x00000000d5c80000,0x00000000d5da41d8,0x00000000d5e00000)
  to   space 1536K, 0% used [0x00000000d5b00000,0x00000000d5b00000,0x00000000d5c80000)
 ParOldGen       total 180224K, used 169851K [0x0000000080000000, 0x000000008b000000, 0x00000000d5580000)
  object space 180224K, 94% used [0x0000000080000000,0x000000008a5deff8,0x000000008b000000)
 Metaspace       used 60471K, committed 61952K, reserved 1114112K
  class space    used 6663K, committed 7296K, reserved 1048576K

Card table byte_map: [0x000001dd3b0d0000,0x000001dd3b4e0000] _byte_map_base: 0x000001dd3acd0000

Marking Bits: (ParMarkBitMap*) 0x00007fff56e44460
 Begin Bits: [0x000001dd4dbe0000, 0x000001dd4fbe0000)
 End Bits:   [0x000001dd4fbe0000, 0x000001dd51be0000)

Polling page: 0x000001dd39a20000

Metaspace:

Usage:
  Non-class:     52.55 MB used.
      Class:      6.51 MB used.
       Both:     59.05 MB used.

Virtual space:
  Non-class space:       64.00 MB reserved,      53.38 MB ( 83%) committed,  1 nodes.
      Class space:        1.00 GB reserved,       7.12 MB ( <1%) committed,  1 nodes.
             Both:        1.06 GB reserved,      60.50 MB (  6%) committed. 

Chunk freelists:
   Non-Class:  9.80 MB
       Class:  8.91 MB
        Both:  18.70 MB

MaxMetaspaceSize: unlimited
CompressedClassSpaceSize: 1.00 GB
Initial GC threshold: 21.00 MB
Current GC threshold: 98.12 MB
CDS: on
 - commit_granule_bytes: 65536.
 - commit_granule_words: 8192.
 - virtual_space_node_default_size: 8388608.
 - enlarge_chunks_in_place: 1.
 - use_allocation_guard: 0.


Internal statistics:

num_allocs_failed_limit: 13.
num_arena_births: 1094.
num_arena_deaths: 22.
num_vsnodes_births: 2.
num_vsnodes_deaths: 0.
num_space_committed: 968.
num_space_uncommitted: 0.
num_chunks_returned_to_freelist: 39.
num_chunks_taken_from_freelist: 3761.
num_chunk_merges: 12.
num_chunk_splits: 2296.
num_chunks_enlarged: 1296.
num_inconsistent_stats: 0.

CodeHeap 'non-profiled nmethods': size=120000Kb used=6919Kb max_used=6919Kb free=113080Kb
 bounds [0x000001dd46400000, 0x000001dd46ad0000, 0x000001dd4d930000]
CodeHeap 'profiled nmethods': size=120000Kb used=18660Kb max_used=18995Kb free=101340Kb
 bounds [0x000001dd3e930000, 0x000001dd3fbc0000, 0x000001dd45e60000]
CodeHeap 'non-nmethods': size=5760Kb used=1455Kb max_used=1514Kb free=4304Kb
 bounds [0x000001dd45e60000, 0x000001dd460d0000, 0x000001dd46400000]
CodeCache: size=245760Kb, used=27034Kb, max_used=27428Kb, free=218724Kb
 total_blobs=9697, nmethods=8942, adapters=661, full_count=0
Compilation: enabled, stopped_count=0, restarted_count=0

Compilation events (20 events):
Event: 62.049 Thread 0x000001dd9a498f40 9696   !   4       java.util.Collections$SynchronizedMap::get (25 bytes)
Event: 62.049 Thread 0x000001dd949e0570 9697       3       org.eclipse.jdt.internal.compiler.parser.Scanner::getCurrentIdentifierSource (66 bytes)
Event: 62.049 Thread 0x000001dd949e0570 nmethod 9697 0x000001dd3ee53c10 code [0x000001dd3ee53de0, 0x000001dd3ee54138]
Event: 62.050 Thread 0x000001dd9a498f40 nmethod 9696 0x000001dd46563310 code [0x000001dd465634a0, 0x000001dd46563790]
Event: 62.051 Thread 0x000001dd9a498f40 9699       4       java.util.HashSet::add (20 bytes)
Event: 62.052 Thread 0x000001dd949e0570 9700       1       org.eclipse.lsp4j.jsonrpc.messages.Message::getJsonrpc (5 bytes)
Event: 62.052 Thread 0x000001dd949e0570 nmethod 9700 0x000001dd46563010 code [0x000001dd465631a0, 0x000001dd46563268]
Event: 62.054 Thread 0x000001dd949e0570 9701       3       org.eclipse.jdt.internal.core.PackageFragmentRoot::getResolvedClasspathEntry (59 bytes)
Event: 62.055 Thread 0x000001dd949e0570 nmethod 9701 0x000001dd3ede7390 code [0x000001dd3ede75e0, 0x000001dd3ede81d8]
Event: 62.064 Thread 0x000001dd9a4981a0 nmethod 9685 0x000001dd46468090 code [0x000001dd464683a0, 0x000001dd464696e0]
Event: 62.067 Thread 0x000001dd949e0570 9702       3       com.google.gson.internal.bind.ObjectTypeAdapter$1::create (25 bytes)
Event: 62.068 Thread 0x000001dd949e0570 nmethod 9702 0x000001dd3ece6510 code [0x000001dd3ece66e0, 0x000001dd3ece6a90]
Event: 62.072 Thread 0x000001dd949e0570 9703   !   3       com.google.gson.internal.bind.ReflectiveTypeAdapterFactory$2::write (140 bytes)
Event: 62.074 Thread 0x000001dd949e0570 nmethod 9703 0x000001dd3ee85710 code [0x000001dd3ee85b00, 0x000001dd3ee87110]
Event: 62.074 Thread 0x000001dd949e0570 9704       3       com.google.gson.internal.bind.TypeAdapters$16::write (10 bytes)
Event: 62.074 Thread 0x000001dd9a4981a0 9706       4       java.io.StringWriter::write (11 bytes)
Event: 62.074 Thread 0x000001dd949e0570 nmethod 9704 0x000001dd3ede6990 code [0x000001dd3ede6ba0, 0x000001dd3ede71b0]
Event: 62.074 Thread 0x000001dd949e0570 9705       3       com.google.gson.internal.bind.TypeAdapters$16::write (7 bytes)
Event: 62.075 Thread 0x000001dd949e0570 nmethod 9705 0x000001dd3ede6110 code [0x000001dd3ede6320, 0x000001dd3ede67c0]
Event: 62.075 Thread 0x000001dd949e0570 9707       1       org.eclipse.lsp4j.jsonrpc.messages.Message::setJsonHandler (6 bytes)

GC Heap History (20 events):
Event: 61.757 GC heap before
{Heap before GC invocations=89 (full 3):
 PSYoungGen      total 8704K, used 6656K [0x00000000d5580000, 0x00000000d6000000, 0x0000000100000000)
  eden space 6656K, 100% used [0x00000000d5580000,0x00000000d5c00000,0x00000000d5c00000)
  from space 2048K, 0% used [0x00000000d5d00000,0x00000000d5d00000,0x00000000d5f00000)
  to   space 1024K, 0% used [0x00000000d5f00000,0x00000000d5f00000,0x00000000d6000000)
 ParOldGen       total 180224K, used 158609K [0x0000000080000000, 0x000000008b000000, 0x00000000d5580000)
  object space 180224K, 88% used [0x0000000080000000,0x0000000089ae47e8,0x000000008b000000)
 Metaspace       used 59209K, committed 60544K, reserved 1114112K
  class space    used 6514K, committed 7104K, reserved 1048576K
}
Event: 61.757 GC heap after
{Heap after GC invocations=89 (full 3):
 PSYoungGen      total 7680K, used 1010K [0x00000000d5580000, 0x00000000d6000000, 0x0000000100000000)
  eden space 6656K, 0% used [0x00000000d5580000,0x00000000d5580000,0x00000000d5c00000)
  from space 1024K, 98% used [0x00000000d5f00000,0x00000000d5ffc8b8,0x00000000d6000000)
  to   space 2048K, 0% used [0x00000000d5c00000,0x00000000d5c00000,0x00000000d5e00000)
 ParOldGen       total 180224K, used 159096K [0x0000000080000000, 0x000000008b000000, 0x00000000d5580000)
  object space 180224K, 88% used [0x0000000080000000,0x0000000089b5e2c0,0x000000008b000000)
 Metaspace       used 59209K, committed 60544K, reserved 1114112K
  class space    used 6514K, committed 7104K, reserved 1048576K
}
Event: 61.844 GC heap before
{Heap before GC invocations=90 (full 3):
 PSYoungGen      total 7680K, used 7666K [0x00000000d5580000, 0x00000000d6000000, 0x0000000100000000)
  eden space 6656K, 100% used [0x00000000d5580000,0x00000000d5c00000,0x00000000d5c00000)
  from space 1024K, 98% used [0x00000000d5f00000,0x00000000d5ffc8b8,0x00000000d6000000)
  to   space 2048K, 0% used [0x00000000d5c00000,0x00000000d5c00000,0x00000000d5e00000)
 ParOldGen       total 180224K, used 159096K [0x0000000080000000, 0x000000008b000000, 0x00000000d5580000)
  object space 180224K, 88% used [0x0000000080000000,0x0000000089b5e2c0,0x000000008b000000)
 Metaspace       used 59278K, committed 60608K, reserved 1114112K
  class space    used 6522K, committed 7104K, reserved 1048576K
}
Event: 61.845 GC heap after
{Heap after GC invocations=90 (full 3):
 PSYoungGen      total 8704K, used 1458K [0x00000000d5580000, 0x00000000d5f80000, 0x0000000100000000)
  eden space 6656K, 0% used [0x00000000d5580000,0x00000000d5580000,0x00000000d5c00000)
  from space 2048K, 71% used [0x00000000d5c00000,0x00000000d5d6cbc8,0x00000000d5e00000)
  to   space 1536K, 0% used [0x00000000d5e00000,0x00000000d5e00000,0x00000000d5f80000)
 ParOldGen       total 180224K, used 159936K [0x0000000080000000, 0x000000008b000000, 0x00000000d5580000)
  object space 180224K, 88% used [0x0000000080000000,0x0000000089c30298,0x000000008b000000)
 Metaspace       used 59278K, committed 60608K, reserved 1114112K
  class space    used 6522K, committed 7104K, reserved 1048576K
}
Event: 61.866 GC heap before
{Heap before GC invocations=91 (full 3):
 PSYoungGen      total 8704K, used 8114K [0x00000000d5580000, 0x00000000d5f80000, 0x0000000100000000)
  eden space 6656K, 100% used [0x00000000d5580000,0x00000000d5c00000,0x00000000d5c00000)
  from space 2048K, 71% used [0x00000000d5c00000,0x00000000d5d6cbc8,0x00000000d5e00000)
  to   space 1536K, 0% used [0x00000000d5e00000,0x00000000d5e00000,0x00000000d5f80000)
 ParOldGen       total 180224K, used 159936K [0x0000000080000000, 0x000000008b000000, 0x00000000d5580000)
  object space 180224K, 88% used [0x0000000080000000,0x0000000089c30298,0x000000008b000000)
 Metaspace       used 59357K, committed 60672K, reserved 1114112K
  class space    used 6528K, committed 7104K, reserved 1048576K
}
Event: 61.867 GC heap after
{Heap after GC invocations=91 (full 3):
 PSYoungGen      total 6656K, used 1526K [0x00000000d5580000, 0x00000000d6300000, 0x0000000100000000)
  eden space 5120K, 0% used [0x00000000d5580000,0x00000000d5580000,0x00000000d5a80000)
  from space 1536K, 99% used [0x00000000d5e00000,0x00000000d5f7d860,0x00000000d5f80000)
  to   space 3584K, 0% used [0x00000000d5a80000,0x00000000d5a80000,0x00000000d5e00000)
 ParOldGen       total 180224K, used 161312K [0x0000000080000000, 0x000000008b000000, 0x00000000d5580000)
  object space 180224K, 89% used [0x0000000080000000,0x0000000089d883e0,0x000000008b000000)
 Metaspace       used 59357K, committed 60672K, reserved 1114112K
  class space    used 6528K, committed 7104K, reserved 1048576K
}
Event: 61.878 GC heap before
{Heap before GC invocations=92 (full 3):
 PSYoungGen      total 6656K, used 6646K [0x00000000d5580000, 0x00000000d6300000, 0x0000000100000000)
  eden space 5120K, 100% used [0x00000000d5580000,0x00000000d5a80000,0x00000000d5a80000)
  from space 1536K, 99% used [0x00000000d5e00000,0x00000000d5f7d860,0x00000000d5f80000)
  to   space 3584K, 0% used [0x00000000d5a80000,0x00000000d5a80000,0x00000000d5e00000)
 ParOldGen       total 180224K, used 161312K [0x0000000080000000, 0x000000008b000000, 0x00000000d5580000)
  object space 180224K, 89% used [0x0000000080000000,0x0000000089d883e0,0x000000008b000000)
 Metaspace       used 59412K, committed 60736K, reserved 1114112K
  class space    used 6545K, committed 7168K, reserved 1048576K
}
Event: 61.879 GC heap after
{Heap after GC invocations=92 (full 3):
 PSYoungGen      total 6656K, used 1478K [0x00000000d5580000, 0x00000000d5e80000, 0x0000000100000000)
  eden space 5120K, 0% used [0x00000000d5580000,0x00000000d5580000,0x00000000d5a80000)
  from space 1536K, 96% used [0x00000000d5a80000,0x00000000d5bf1980,0x00000000d5c00000)
  to   space 2048K, 0% used [0x00000000d5c80000,0x00000000d5c80000,0x00000000d5e80000)
 ParOldGen       total 180224K, used 162758K [0x0000000080000000, 0x000000008b000000, 0x00000000d5580000)
  object space 180224K, 90% used [0x0000000080000000,0x0000000089ef1818,0x000000008b000000)
 Metaspace       used 59412K, committed 60736K, reserved 1114112K
  class space    used 6545K, committed 7168K, reserved 1048576K
}
Event: 61.890 GC heap before
{Heap before GC invocations=93 (full 3):
 PSYoungGen      total 6656K, used 6598K [0x00000000d5580000, 0x00000000d5e80000, 0x0000000100000000)
  eden space 5120K, 100% used [0x00000000d5580000,0x00000000d5a80000,0x00000000d5a80000)
  from space 1536K, 96% used [0x00000000d5a80000,0x00000000d5bf1980,0x00000000d5c00000)
  to   space 2048K, 0% used [0x00000000d5c80000,0x00000000d5c80000,0x00000000d5e80000)
 ParOldGen       total 180224K, used 162758K [0x0000000080000000, 0x000000008b000000, 0x00000000d5580000)
  object space 180224K, 90% used [0x0000000080000000,0x0000000089ef1818,0x000000008b000000)
 Metaspace       used 59496K, committed 60864K, reserved 1114112K
  class space    used 6554K, committed 7168K, reserved 1048576K
}
Event: 61.891 GC heap after
{Heap after GC invocations=93 (full 3):
 PSYoungGen      total 7168K, used 1837K [0x00000000d5580000, 0x00000000d5e80000, 0x0000000100000000)
  eden space 5120K, 0% used [0x00000000d5580000,0x00000000d5580000,0x00000000d5a80000)
  from space 2048K, 89% used [0x00000000d5c80000,0x00000000d5e4b6f8,0x00000000d5e80000)
  to   space 2048K, 0% used [0x00000000d5a80000,0x00000000d5a80000,0x00000000d5c80000)
 ParOldGen       total 180224K, used 163730K [0x0000000080000000, 0x000000008b000000, 0x00000000d5580000)
  object space 180224K, 90% used [0x0000000080000000,0x0000000089fe4878,0x000000008b000000)
 Metaspace       used 59496K, committed 60864K, reserved 1114112K
  class space    used 6554K, committed 7168K, reserved 1048576K
}
Event: 61.910 GC heap before
{Heap before GC invocations=94 (full 3):
 PSYoungGen      total 7168K, used 6957K [0x00000000d5580000, 0x00000000d5e80000, 0x0000000100000000)
  eden space 5120K, 99% used [0x00000000d5580000,0x00000000d5a7fea0,0x00000000d5a80000)
  from space 2048K, 89% used [0x00000000d5c80000,0x00000000d5e4b6f8,0x00000000d5e80000)
  to   space 2048K, 0% used [0x00000000d5a80000,0x00000000d5a80000,0x00000000d5c80000)
 ParOldGen       total 180224K, used 163730K [0x0000000080000000, 0x000000008b000000, 0x00000000d5580000)
  object space 180224K, 90% used [0x0000000080000000,0x0000000089fe4878,0x000000008b000000)
 Metaspace       used 59596K, committed 60928K, reserved 1114112K
  class space    used 6574K, committed 7168K, reserved 1048576K
}
Event: 61.913 GC heap after
{Heap after GC invocations=94 (full 3):
 PSYoungGen      total 6656K, used 1183K [0x00000000d5580000, 0x00000000d5d80000, 0x0000000100000000)
  eden space 5120K, 0% used [0x00000000d5580000,0x00000000d5580000,0x00000000d5a80000)
  from space 1536K, 77% used [0x00000000d5a80000,0x00000000d5ba7e40,0x00000000d5c00000)
  to   space 1536K, 0% used [0x00000000d5c00000,0x00000000d5c00000,0x00000000d5d80000)
 ParOldGen       total 180224K, used 165459K [0x0000000080000000, 0x000000008b000000, 0x00000000d5580000)
  object space 180224K, 91% used [0x0000000080000000,0x000000008a194e48,0x000000008b000000)
 Metaspace       used 59596K, committed 60928K, reserved 1114112K
  class space    used 6574K, committed 7168K, reserved 1048576K
}
Event: 61.944 GC heap before
{Heap before GC invocations=95 (full 3):
 PSYoungGen      total 6656K, used 6303K [0x00000000d5580000, 0x00000000d5d80000, 0x0000000100000000)
  eden space 5120K, 100% used [0x00000000d5580000,0x00000000d5a80000,0x00000000d5a80000)
  from space 1536K, 77% used [0x00000000d5a80000,0x00000000d5ba7e40,0x00000000d5c00000)
  to   space 1536K, 0% used [0x00000000d5c00000,0x00000000d5c00000,0x00000000d5d80000)
 ParOldGen       total 180224K, used 165459K [0x0000000080000000, 0x000000008b000000, 0x00000000d5580000)
  object space 180224K, 91% used [0x0000000080000000,0x000000008a194e48,0x000000008b000000)
 Metaspace       used 59814K, committed 61184K, reserved 1114112K
  class space    used 6587K, committed 7168K, reserved 1048576K
}
Event: 61.945 GC heap after
{Heap after GC invocations=95 (full 3):
 PSYoungGen      total 6656K, used 1105K [0x00000000d5580000, 0x00000000d5d80000, 0x0000000100000000)
  eden space 5120K, 0% used [0x00000000d5580000,0x00000000d5580000,0x00000000d5a80000)
  from space 1536K, 71% used [0x00000000d5c00000,0x00000000d5d145b8,0x00000000d5d80000)
  to   space 1536K, 0% used [0x00000000d5a80000,0x00000000d5a80000,0x00000000d5c00000)
 ParOldGen       total 180224K, used 166401K [0x0000000080000000, 0x000000008b000000, 0x00000000d5580000)
  object space 180224K, 92% used [0x0000000080000000,0x000000008a2807d8,0x000000008b000000)
 Metaspace       used 59814K, committed 61184K, reserved 1114112K
  class space    used 6587K, committed 7168K, reserved 1048576K
}
Event: 61.962 GC heap before
{Heap before GC invocations=96 (full 3):
 PSYoungGen      total 6656K, used 6225K [0x00000000d5580000, 0x00000000d5d80000, 0x0000000100000000)
  eden space 5120K, 100% used [0x00000000d5580000,0x00000000d5a80000,0x00000000d5a80000)
  from space 1536K, 71% used [0x00000000d5c00000,0x00000000d5d145b8,0x00000000d5d80000)
  to   space 1536K, 0% used [0x00000000d5a80000,0x00000000d5a80000,0x00000000d5c00000)
 ParOldGen       total 180224K, used 166401K [0x0000000080000000, 0x000000008b000000, 0x00000000d5580000)
  object space 180224K, 92% used [0x0000000080000000,0x000000008a2807d8,0x000000008b000000)
 Metaspace       used 59940K, committed 61376K, reserved 1114112K
  class space    used 6604K, committed 7232K, reserved 1048576K
}
Event: 61.964 GC heap after
{Heap after GC invocations=96 (full 3):
 PSYoungGen      total 6656K, used 1185K [0x00000000d5580000, 0x00000000d5d80000, 0x0000000100000000)
  eden space 5120K, 0% used [0x00000000d5580000,0x00000000d5580000,0x00000000d5a80000)
  from space 1536K, 77% used [0x00000000d5a80000,0x00000000d5ba85a8,0x00000000d5c00000)
  to   space 1536K, 0% used [0x00000000d5c00000,0x00000000d5c00000,0x00000000d5d80000)
 ParOldGen       total 180224K, used 167305K [0x0000000080000000, 0x000000008b000000, 0x00000000d5580000)
  object space 180224K, 92% used [0x0000000080000000,0x000000008a362618,0x000000008b000000)
 Metaspace       used 59940K, committed 61376K, reserved 1114112K
  class space    used 6604K, committed 7232K, reserved 1048576K
}
Event: 62.023 GC heap before
{Heap before GC invocations=97 (full 3):
 PSYoungGen      total 6656K, used 6305K [0x00000000d5580000, 0x00000000d5d80000, 0x0000000100000000)
  eden space 5120K, 100% used [0x00000000d5580000,0x00000000d5a80000,0x00000000d5a80000)
  from space 1536K, 77% used [0x00000000d5a80000,0x00000000d5ba85a8,0x00000000d5c00000)
  to   space 1536K, 0% used [0x00000000d5c00000,0x00000000d5c00000,0x00000000d5d80000)
 ParOldGen       total 180224K, used 167305K [0x0000000080000000, 0x000000008b000000, 0x00000000d5580000)
  object space 180224K, 92% used [0x0000000080000000,0x000000008a362618,0x000000008b000000)
 Metaspace       used 60225K, committed 61696K, reserved 1114112K
  class space    used 6637K, committed 7296K, reserved 1048576K
}
Event: 62.026 GC heap after
{Heap after GC invocations=97 (full 3):
 PSYoungGen      total 6144K, used 737K [0x00000000d5580000, 0x00000000d5d00000, 0x0000000100000000)
  eden space 5120K, 0% used [0x00000000d5580000,0x00000000d5580000,0x00000000d5a80000)
  from space 1024K, 71% used [0x00000000d5c00000,0x00000000d5cb84b0,0x00000000d5d00000)
  to   space 1024K, 0% used [0x00000000d5b00000,0x00000000d5b00000,0x00000000d5c00000)
 ParOldGen       total 180224K, used 168261K [0x0000000080000000, 0x000000008b000000, 0x00000000d5580000)
  object space 180224K, 93% used [0x0000000080000000,0x000000008a4515e8,0x000000008b000000)
 Metaspace       used 60225K, committed 61696K, reserved 1114112K
  class space    used 6637K, committed 7296K, reserved 1048576K
}
Event: 62.040 GC heap before
{Heap before GC invocations=98 (full 3):
 PSYoungGen      total 6144K, used 5857K [0x00000000d5580000, 0x00000000d5d00000, 0x0000000100000000)
  eden space 5120K, 100% used [0x00000000d5580000,0x00000000d5a80000,0x00000000d5a80000)
  from space 1024K, 71% used [0x00000000d5c00000,0x00000000d5cb84b0,0x00000000d5d00000)
  to   space 1024K, 0% used [0x00000000d5b00000,0x00000000d5b00000,0x00000000d5c00000)
 ParOldGen       total 180224K, used 168261K [0x0000000080000000, 0x000000008b000000, 0x00000000d5580000)
  object space 180224K, 93% used [0x0000000080000000,0x000000008a4515e8,0x000000008b000000)
 Metaspace       used 60343K, committed 61824K, reserved 1114112K
  class space    used 6649K, committed 7296K, reserved 1048576K
}
Event: 62.041 GC heap after
{Heap after GC invocations=98 (full 3):
 PSYoungGen      total 6144K, used 1013K [0x00000000d5580000, 0x00000000d5e80000, 0x0000000100000000)
  eden space 5120K, 0% used [0x00000000d5580000,0x00000000d5580000,0x00000000d5a80000)
  from space 1024K, 98% used [0x00000000d5b00000,0x00000000d5bfd558,0x00000000d5c00000)
  to   space 2048K, 0% used [0x00000000d5c80000,0x00000000d5c80000,0x00000000d5e80000)
 ParOldGen       total 180224K, used 168863K [0x0000000080000000, 0x000000008b000000, 0x00000000d5580000)
  object space 180224K, 93% used [0x0000000080000000,0x000000008a4e7f98,0x000000008b000000)
 Metaspace       used 60343K, committed 61824K, reserved 1114112K
  class space    used 6649K, committed 7296K, reserved 1048576K
}

Dll operation events (12 events):
Event: 0.020 Loaded shared library c:\Users\birad\.vscode\extensions\redhat.java-1.55.0-win32-x64\jre\21.0.11-win32-x86_64\bin\java.dll
Event: 0.236 Loaded shared library c:\Users\birad\.vscode\extensions\redhat.java-1.55.0-win32-x64\jre\21.0.11-win32-x86_64\bin\zip.dll
Event: 0.271 Loaded shared library C:\Users\birad\.vscode\extensions\redhat.java-1.55.0-win32-x64\jre\21.0.11-win32-x86_64\bin\instrument.dll
Event: 0.278 Loaded shared library C:\Users\birad\.vscode\extensions\redhat.java-1.55.0-win32-x64\jre\21.0.11-win32-x86_64\bin\net.dll
Event: 0.281 Loaded shared library C:\Users\birad\.vscode\extensions\redhat.java-1.55.0-win32-x64\jre\21.0.11-win32-x86_64\bin\nio.dll
Event: 0.286 Loaded shared library C:\Users\birad\.vscode\extensions\redhat.java-1.55.0-win32-x64\jre\21.0.11-win32-x86_64\bin\zip.dll
Event: 0.418 Loaded shared library C:\Users\birad\.vscode\extensions\redhat.java-1.55.0-win32-x64\jre\21.0.11-win32-x86_64\bin\jimage.dll
Event: 0.786 Loaded shared library c:\Users\birad\.vscode\extensions\redhat.java-1.55.0-win32-x64\jre\21.0.11-win32-x86_64\bin\verify.dll
Event: 19.034 Loaded shared library C:\Users\birad\AppData\Roaming\Code\User\globalStorage\redhat.java\1.55.0\config_win\org.eclipse.equinox.launcher\org.eclipse.equinox.launcher.win32.win32.x86_64_1.3.100.v20260613-0559\eclipse_11924.dll
Event: 41.178 Loaded shared library C:\Users\birad\AppData\Local\Temp\jna-93745774\jna5974316392100809254.dll
Event: 44.074 Loaded shared library C:\Users\birad\.vscode\extensions\redhat.java-1.55.0-win32-x64\jre\21.0.11-win32-x86_64\bin\sunmscapi.dll
Event: 45.049 Loaded shared library C:\Users\birad\.vscode\extensions\redhat.java-1.55.0-win32-x64\jre\21.0.11-win32-x86_64\bin\extnet.dll

Deoptimization events (20 events):
Event: 62.012 Thread 0x000001dd94b20410 Uncommon trap: trap_request=0xffffffde fr.pc=0x000001dd469436c8 relative=0x0000000000000aa8
Event: 62.012 Thread 0x000001dd94b20410 Uncommon trap: reason=class_check action=maybe_recompile pc=0x000001dd469436c8 method=java.util.concurrent.ConcurrentHashMap.putVal(Ljava/lang/Object;Ljava/lang/Object;Z)Ljava/lang/Object; @ 159 c2
Event: 62.012 Thread 0x000001dd94b20410 DEOPT PACKING pc=0x000001dd469436c8 sp=0x000000833fbfde80
Event: 62.012 Thread 0x000001dd94b20410 DEOPT UNPACKING pc=0x000001dd45eb6da2 sp=0x000000833fbfde00 mode 2
Event: 62.028 Thread 0x000001dd94b22b70 Uncommon trap: trap_request=0xffffff45 fr.pc=0x000001dd46aa2254 relative=0x00000000000020f4
Event: 62.028 Thread 0x000001dd94b22b70 Uncommon trap: reason=unstable_if action=reinterpret pc=0x000001dd46aa2254 method=java.net.URI$Parser.parse(Z)V @ 36 c2
Event: 62.028 Thread 0x000001dd94b22b70 DEOPT PACKING pc=0x000001dd46aa2254 sp=0x000000833fdfdbc0
Event: 62.028 Thread 0x000001dd94b22b70 DEOPT UNPACKING pc=0x000001dd45eb6da2 sp=0x000000833fdfdbb8 mode 2
Event: 62.029 Thread 0x000001dd94b22b70 Uncommon trap: trap_request=0xffffff45 fr.pc=0x000001dd4694ea08 relative=0x00000000000001e8
Event: 62.029 Thread 0x000001dd94b20410 Uncommon trap: trap_request=0xffffff45 fr.pc=0x000001dd4694ea08 relative=0x00000000000001e8
Event: 62.029 Thread 0x000001dd94b20410 Uncommon trap: reason=unstable_if action=reinterpret pc=0x000001dd4694ea08 method=org.eclipse.core.runtime.Path.computeLength()I @ 92 c2
Event: 62.029 Thread 0x000001dd94b22b70 Uncommon trap: reason=unstable_if action=reinterpret pc=0x000001dd4694ea08 method=org.eclipse.core.runtime.Path.computeLength()I @ 92 c2
Event: 62.029 Thread 0x000001dd94b22b70 DEOPT PACKING pc=0x000001dd4694ea08 sp=0x000000833fdfe4b0
Event: 62.029 Thread 0x000001dd94b20410 DEOPT PACKING pc=0x000001dd4694ea08 sp=0x000000833fbfe370
Event: 62.029 Thread 0x000001dd94b22b70 DEOPT UNPACKING pc=0x000001dd45eb6da2 sp=0x000000833fdfe428 mode 2
Event: 62.029 Thread 0x000001dd94b20410 DEOPT UNPACKING pc=0x000001dd45eb6da2 sp=0x000000833fbfe2e8 mode 2
Event: 62.036 Thread 0x000001dd9a0dbeb0 Uncommon trap: trap_request=0xffffff45 fr.pc=0x000001dd46a76a40 relative=0x0000000000000280
Event: 62.036 Thread 0x000001dd9a0dbeb0 Uncommon trap: reason=unstable_if action=reinterpret pc=0x000001dd46a76a40 method=org.eclipse.core.internal.watson.ElementTree.getElementData(Lorg/eclipse/core/runtime/IPath;)Ljava/lang/Object; @ 29 c2
Event: 62.037 Thread 0x000001dd9a0dbeb0 DEOPT PACKING pc=0x000001dd46a76a40 sp=0x000000833e1ff1c0
Event: 62.037 Thread 0x000001dd9a0dbeb0 DEOPT UNPACKING pc=0x000001dd45eb6da2 sp=0x000000833e1ff168 mode 2

Classes loaded (20 events):
Event: 61.909 Loading class java/util/stream/Nodes$AbstractConcNode
Event: 61.909 Loading class java/util/stream/Nodes$AbstractConcNode done
Event: 61.909 Loading class java/util/stream/Nodes$ConcNode done
Event: 61.910 Loading class java/util/concurrent/CompletableFuture$UniAccept
Event: 61.910 Loading class java/util/concurrent/CompletableFuture$UniAccept done
Event: 61.910 Loading class java/util/concurrent/CompletableFuture$UniExceptionally
Event: 61.910 Loading class java/util/concurrent/CompletableFuture$UniExceptionally done
Event: 61.950 Loading class java/util/stream/Nodes$ToArrayTask$OfRef
Event: 61.951 Loading class java/util/stream/Nodes$ToArrayTask
Event: 61.952 Loading class java/util/stream/Nodes$ToArrayTask done
Event: 61.952 Loading class java/util/stream/Nodes$ToArrayTask$OfRef done
Event: 61.961 Loading class java/io/FileFilter
Event: 61.962 Loading class java/io/FileFilter done
Event: 61.969 Loading class java/util/CollSer
Event: 61.969 Loading class java/util/CollSer done
Event: 62.037 Loading class java/util/Collections$SynchronizedRandomAccessList
Event: 62.038 Loading class java/util/Collections$SynchronizedList
Event: 62.038 Loading class java/util/Collections$SynchronizedList done
Event: 62.038 Loading class java/util/Collections$SynchronizedRandomAccessList done
Event: 62.077 Loading class java/util/concurrent/CompletableFuture$Signaller

Classes unloaded (11 events):
Event: 42.169 Thread 0x000001dd3b682480 Unloading class 0x000001dd531a4000 'java/lang/invoke/LambdaForm$MH+0x000001dd531a4000'
Event: 42.169 Thread 0x000001dd3b682480 Unloading class 0x000001dd531a3c00 'java/lang/invoke/LambdaForm$MH+0x000001dd531a3c00'
Event: 42.169 Thread 0x000001dd3b682480 Unloading class 0x000001dd531a3800 'java/lang/invoke/LambdaForm$MH+0x000001dd531a3800'
Event: 42.169 Thread 0x000001dd3b682480 Unloading class 0x000001dd531a3400 'java/lang/invoke/LambdaForm$MH+0x000001dd531a3400'
Event: 42.169 Thread 0x000001dd3b682480 Unloading class 0x000001dd531a3000 'java/lang/invoke/LambdaForm$BMH+0x000001dd531a3000'
Event: 42.169 Thread 0x000001dd3b682480 Unloading class 0x000001dd531a2c00 'java/lang/invoke/LambdaForm$DMH+0x000001dd531a2c00'
Event: 42.169 Thread 0x000001dd3b682480 Unloading class 0x000001dd531a1800 'java/lang/invoke/LambdaForm$DMH+0x000001dd531a1800'
Event: 44.386 Thread 0x000001dd3b682480 Unloading class 0x000001dd53327800 'java/lang/invoke/LambdaForm$MH+0x000001dd53327800'
Event: 44.386 Thread 0x000001dd3b682480 Unloading class 0x000001dd53326800 'java/lang/invoke/LambdaForm$DMH+0x000001dd53326800'
Event: 61.607 Thread 0x000001dd3b682480 Unloading class 0x000001dd53670000 'java/lang/invoke/LambdaForm$DMH+0x000001dd53670000'
Event: 61.607 Thread 0x000001dd3b682480 Unloading class 0x000001dd5366cc00 'java/lang/invoke/LambdaForm$DMH+0x000001dd5366cc00'

Classes redefined (0 events):
No events

Internal exceptions (20 events):
Event: 61.439 Thread 0x000001dd9a0dd260 Exception <a 'java/lang/NoSuchMethodError'{0x00000000d5ea5e20}: static Lorg/apache/maven/model/InputSource;.<clinit>()V> (0x00000000d5ea5e20) 
thrown [s\src\hotspot\share\prims\jni.cpp, line 1111]
Event: 61.447 Thread 0x000001dd9a0dd260 Implicit null exception at 0x000001dd4651364e to 0x000001dd46513fa4
Event: 61.447 Thread 0x000001dd9a0dd260 Exception <a 'java/lang/NoSuchMethodError'{0x00000000d566ef48}: static Lorg/eclipse/m2e/core/internal/lifecyclemapping/model/PluginExecutionMetadata;.<clinit>()V> (0x00000000d566ef48) 
thrown [s\src\hotspot\share\prims\jni.cpp, line 1111]
Event: 61.449 Thread 0x000001dd9a0dd260 Exception <a 'java/lang/NoSuchMethodError'{0x00000000d56dcfd8}: static Lorg/eclipse/m2e/core/internal/lifecyclemapping/model/PluginExecutionFilter;.<clinit>()V> (0x00000000d56dcfd8) 
thrown [s\src\hotspot\share\prims\jni.cpp, line 1111]
Event: 61.466 Thread 0x000001dd9a0dd260 Exception <a 'sun/nio/fs/WindowsException'{0x00000000d5ac2480}> (0x00000000d5ac2480) 
thrown [s\src\hotspot\share\prims\jni.cpp, line 520]
Event: 61.489 Thread 0x000001dd9a0dd260 Exception <a 'sun/nio/fs/WindowsException'{0x00000000d5857ce0}> (0x00000000d5857ce0) 
thrown [s\src\hotspot\share\prims\jni.cpp, line 520]
Event: 61.489 Thread 0x000001dd9a0dd260 Exception <a 'sun/nio/fs/WindowsException'{0x00000000d5858310}> (0x00000000d5858310) 
thrown [s\src\hotspot\share\prims\jni.cpp, line 520]
Event: 61.518 Thread 0x000001dd9a0dd260 Exception <a 'sun/nio/fs/WindowsException'{0x00000000d577c368}> (0x00000000d577c368) 
thrown [s\src\hotspot\share\prims\jni.cpp, line 520]
Event: 61.518 Thread 0x000001dd9a0dd260 Exception <a 'sun/nio/fs/WindowsException'{0x00000000d586fca0}> (0x00000000d586fca0) 
thrown [s\src\hotspot\share\prims\jni.cpp, line 520]
Event: 61.896 Thread 0x000001dd9a0dc540 Implicit null exception at 0x000001dd46a80366 to 0x000001dd46a80b5c
Event: 61.903 Thread 0x000001dd9d886f80 Exception <a 'sun/nio/fs/WindowsException'{0x00000000d5853390}> (0x00000000d5853390) 
thrown [s\src\hotspot\share\prims\jni.cpp, line 520]
Event: 61.903 Thread 0x000001dd9d886f80 Exception <a 'sun/nio/fs/WindowsException'{0x00000000d5853c00}> (0x00000000d5853c00) 
thrown [s\src\hotspot\share\prims\jni.cpp, line 520]
Event: 61.904 Thread 0x000001dd9d886f80 Exception <a 'sun/nio/fs/WindowsException'{0x00000000d58575c8}> (0x00000000d58575c8) 
thrown [s\src\hotspot\share\prims\jni.cpp, line 520]
Event: 61.904 Thread 0x000001dd9d886f80 Exception <a 'sun/nio/fs/WindowsException'{0x00000000d585cd18}> (0x00000000d585cd18) 
thrown [s\src\hotspot\share\prims\jni.cpp, line 520]
Event: 61.906 Thread 0x000001dd9d886f80 Exception <a 'java/lang/IncompatibleClassChangeError'{0x00000000d58a4938}: Found class java.lang.Object, but interface was expected> (0x00000000d58a4938) 
thrown [s\src\hotspot\share\interpreter\linkResolver.cpp, line 840]
Event: 61.923 Thread 0x000001dd9a0dd260 Exception <a 'sun/nio/fs/WindowsException'{0x00000000d5848378}> (0x00000000d5848378) 
thrown [s\src\hotspot\share\prims\jni.cpp, line 520]
Event: 61.923 Thread 0x000001dd9a0dd260 Exception <a 'sun/nio/fs/WindowsException'{0x00000000d5848c58}> (0x00000000d5848c58) 
thrown [s\src\hotspot\share\prims\jni.cpp, line 520]
Event: 61.975 Thread 0x000001dd9a0dd260 Exception <a 'java/lang/NoSuchMethodError'{0x00000000d57fc740}: static Lorg/eclipse/m2e/core/internal/project/registry/MavenProjectFacade$MavenProjectConfiguration;.<clinit>()V> (0x00000000d57fc740) 
thrown [s\src\hotspot\share\prims\jni.cpp, line 1111]
Event: 61.978 Thread 0x000001dd9a0dd260 Exception <a 'java/lang/NoSuchMethodError'{0x00000000d581fd30}: static [J.<clinit>()V> (0x00000000d581fd30) 
thrown [s\src\hotspot\share\prims\jni.cpp, line 1111]
Event: 62.007 Thread 0x000001dd94b22b70 Exception <a 'java/lang/NoSuchMethodError'{0x00000000d5963520}: 'java.lang.Object java.lang.invoke.DirectMethodHandle$Holder.invokeStaticInit(java.lang.Object, java.lang.Object, java.lang.Object)'> (0x00000000d5963520) 
thrown [s\src\hotspot\share\interpreter\linkResolver.cpp, line 773]

ZGC Phase Switch (0 events):
No events

VM Operations (20 events):
Event: 61.867 Executing safepoint VM operation: ParallelGCFailedAllocation (Allocation Failure) done
Event: 61.878 Executing safepoint VM operation: ParallelGCFailedAllocation (Allocation Failure)
Event: 61.879 Executing safepoint VM operation: ParallelGCFailedAllocation (Allocation Failure) done
Event: 61.890 Executing safepoint VM operation: ParallelGCFailedAllocation (Allocation Failure)
Event: 61.891 Executing safepoint VM operation: ParallelGCFailedAllocation (Allocation Failure) done
Event: 61.910 Executing safepoint VM operation: ParallelGCFailedAllocation (Allocation Failure)
Event: 61.913 Executing safepoint VM operation: ParallelGCFailedAllocation (Allocation Failure) done
Event: 61.943 Executing safepoint VM operation: ParallelGCFailedAllocation (Allocation Failure)
Event: 61.945 Executing safepoint VM operation: ParallelGCFailedAllocation (Allocation Failure) done
Event: 61.962 Executing safepoint VM operation: ParallelGCFailedAllocation (Allocation Failure)
Event: 61.964 Executing safepoint VM operation: ParallelGCFailedAllocation (Allocation Failure) done
Event: 61.975 Executing non-safepoint VM operation: HandshakeAllThreads (Deoptimize)
Event: 62.023 Executing non-safepoint VM operation: HandshakeAllThreads (Deoptimize) done
Event: 62.023 Executing safepoint VM operation: ParallelGCFailedAllocation (Allocation Failure)
Event: 62.026 Executing safepoint VM operation: ParallelGCFailedAllocation (Allocation Failure) done
Event: 62.028 Executing non-safepoint VM operation: HandshakeAllThreads (Deoptimize)
Event: 62.028 Executing non-safepoint VM operation: HandshakeAllThreads (Deoptimize) done
Event: 62.039 Executing safepoint VM operation: ParallelGCFailedAllocation (Allocation Failure)
Event: 62.041 Executing safepoint VM operation: ParallelGCFailedAllocation (Allocation Failure) done
Event: 62.085 Executing safepoint VM operation: ParallelGCFailedAllocation (Allocation Failure)

Memory protections (0 events):
No events

Nmethod flushes (20 events):
Event: 61.623 Thread 0x000001dd3b682480 flushing  nmethod 0x000001dd3f126990
Event: 61.623 Thread 0x000001dd3b682480 flushing  nmethod 0x000001dd3f12cb10
Event: 61.623 Thread 0x000001dd3b682480 flushing  nmethod 0x000001dd3f14aa10
Event: 61.623 Thread 0x000001dd3b682480 flushing  nmethod 0x000001dd3f1c5e10
Event: 61.623 Thread 0x000001dd3b682480 flushing  nmethod 0x000001dd3f1c9890
Event: 61.623 Thread 0x000001dd3b682480 flushing  nmethod 0x000001dd3f1cab90
Event: 61.623 Thread 0x000001dd3b682480 flushing  nmethod 0x000001dd3f1caf10
Event: 61.623 Thread 0x000001dd3b682480 flushing  nmethod 0x000001dd3f201b10
Event: 61.623 Thread 0x000001dd3b682480 flushing  nmethod 0x000001dd3f208090
Event: 61.623 Thread 0x000001dd3b682480 flushing  nmethod 0x000001dd3f209910
Event: 61.623 Thread 0x000001dd3b682480 flushing  nmethod 0x000001dd3f209f10
Event: 61.623 Thread 0x000001dd3b682480 flushing  nmethod 0x000001dd3f20a790
Event: 61.623 Thread 0x000001dd3b682480 flushing  nmethod 0x000001dd3f20ae90
Event: 61.623 Thread 0x000001dd3b682480 flushing  nmethod 0x000001dd3f20b210
Event: 61.623 Thread 0x000001dd3b682480 flushing  nmethod 0x000001dd3f20e110
Event: 61.623 Thread 0x000001dd3b682480 flushing  nmethod 0x000001dd3f21c610
Event: 61.623 Thread 0x000001dd3b682480 flushing  nmethod 0x000001dd3f220710
Event: 61.623 Thread 0x000001dd3b682480 flushing  nmethod 0x000001dd3f247e90
Event: 61.623 Thread 0x000001dd3b682480 flushing  nmethod 0x000001dd3f264390
Event: 61.623 Thread 0x000001dd3b682480 flushing  nmethod 0x000001dd3f2b3690

Events (20 events):
Event: 56.058 Thread 0x000001dd94b23890 Thread exited: 0x000001dd94b23890
Event: 56.058 Thread 0x000001dd94b224e0 Thread exited: 0x000001dd94b224e0
Event: 61.137 Thread 0x000001dd9a4981a0 Thread exited: 0x000001dd9a4981a0
Event: 61.145 Thread 0x000001dd9a4f5dc0 Thread exited: 0x000001dd9a4f5dc0
Event: 61.437 Thread 0x000001dd949e0570 Thread added: 0x000001dd9a4981a0
Event: 61.450 Thread 0x000001dd949e0570 Thread added: 0x000001dd9a498f40
Event: 61.455 Thread 0x000001dd9d887ca0 Thread exited: 0x000001dd9d887ca0
Event: 61.905 Thread 0x000001dd9a0dd260 Thread added: 0x000001dd94b20410
Event: 61.910 Thread 0x000001dd9d886f80 Thread added: 0x000001dd94b224e0
Event: 61.910 Thread 0x000001dd94b20410 Thread exited: 0x000001dd94b20410
Event: 61.913 Thread 0x000001dd9d886f80 Thread added: 0x000001dd94b20410
Event: 61.923 Thread 0x000001dd94b20410 Thread added: 0x000001dd94b22b70
Event: 61.948 Thread 0x000001dd9a0dd260 Thread added: 0x000001dd94b20aa0
Event: 61.950 Thread 0x000001dd94b20aa0 Thread added: 0x000001dd94b23200
Event: 61.952 Thread 0x000001dd94b20aa0 Thread added: 0x000001dd94b1fd80
Event: 61.952 Thread 0x000001dd94b23200 Thread added: 0x000001dd94b26d10
Event: 61.960 Thread 0x000001dd94b1fd80 Thread exited: 0x000001dd94b1fd80
Event: 61.960 Thread 0x000001dd94b20aa0 Thread exited: 0x000001dd94b20aa0
Event: 61.960 Thread 0x000001dd94b26d10 Thread exited: 0x000001dd94b26d10
Event: 61.960 Thread 0x000001dd94b23200 Thread exited: 0x000001dd94b23200


Dynamic libraries:
0x00007ff607910000 - 0x00007ff60791e000 	c:\Users\birad\.vscode\extensions\redhat.java-1.55.0-win32-x64\jre\21.0.11-win32-x86_64\bin\java.exe
0x00007ff865e00000 - 0x00007ff866066000 	C:\WINDOWS\SYSTEM32\ntdll.dll
0x00007ff864ce0000 - 0x00007ff864da9000 	C:\WINDOWS\System32\KERNEL32.DLL
0x00007ff863240000 - 0x00007ff86363e000 	C:\WINDOWS\System32\KERNELBASE.dll
0x00007ff863020000 - 0x00007ff86316c000 	C:\WINDOWS\System32\ucrtbase.dll
0x00007ff820240000 - 0x00007ff820258000 	c:\Users\birad\.vscode\extensions\redhat.java-1.55.0-win32-x64\jre\21.0.11-win32-x86_64\bin\jli.dll
0x00007ff863bf0000 - 0x00007ff863db7000 	C:\WINDOWS\System32\USER32.dll
0x00007ff802360000 - 0x00007ff80237e000 	c:\Users\birad\.vscode\extensions\redhat.java-1.55.0-win32-x64\jre\21.0.11-win32-x86_64\bin\VCRUNTIME140.dll
0x00007ff863180000 - 0x00007ff8631a7000 	C:\WINDOWS\System32\win32u.dll
0x00007ff8481a0000 - 0x00007ff848432000 	C:\WINDOWS\WinSxS\amd64_microsoft.windows.common-controls_6595b64144ccf1df_6.0.26100.8875_none_3e0d5d42e32fe9dd\COMCTL32.dll
0x00007ff864040000 - 0x00007ff86406b000 	C:\WINDOWS\System32\GDI32.dll
0x00007ff865d10000 - 0x00007ff865db9000 	C:\WINDOWS\System32\msvcrt.dll
0x00007ff863940000 - 0x00007ff863a6a000 	C:\WINDOWS\System32\gdi32full.dll
0x00007ff863650000 - 0x00007ff8636f3000 	C:\WINDOWS\System32\msvcp_win.dll
0x00007ff865cd0000 - 0x00007ff865d02000 	C:\WINDOWS\System32\IMM32.DLL
0x00007ff849130000 - 0x00007ff84913c000 	c:\Users\birad\.vscode\extensions\redhat.java-1.55.0-win32-x64\jre\21.0.11-win32-x86_64\bin\vcruntime140_1.dll
0x00007fff75660000 - 0x00007fff756ed000 	c:\Users\birad\.vscode\extensions\redhat.java-1.55.0-win32-x64\jre\21.0.11-win32-x86_64\bin\msvcp140.dll
0x00007fff56180000 - 0x00007fff56f22000 	c:\Users\birad\.vscode\extensions\redhat.java-1.55.0-win32-x64\jre\21.0.11-win32-x86_64\bin\server\jvm.dll
0x00007ff8643f0000 - 0x00007ff8644a7000 	C:\WINDOWS\System32\ADVAPI32.dll
0x00007ff865140000 - 0x00007ff8651ea000 	C:\WINDOWS\System32\sechost.dll
0x00007ff8642d0000 - 0x00007ff8643e8000 	C:\WINDOWS\System32\RPCRT4.dll
0x00007ff863fb0000 - 0x00007ff864030000 	C:\WINDOWS\System32\WS2_32.dll
0x00007ff862e80000 - 0x00007ff862ede000 	C:\WINDOWS\SYSTEM32\POWRPROF.dll
0x00007ff85ab60000 - 0x00007ff85ab96000 	C:\WINDOWS\SYSTEM32\WINMM.dll
0x00007ff853ce0000 - 0x00007ff853ceb000 	C:\WINDOWS\SYSTEM32\VERSION.dll
0x00007ff862e50000 - 0x00007ff862e64000 	C:\WINDOWS\SYSTEM32\UMPDC.dll
0x00007ff861d00000 - 0x00007ff861d1b000 	C:\WINDOWS\SYSTEM32\kernel.appcore.dll
0x00007ff849040000 - 0x00007ff84904a000 	c:\Users\birad\.vscode\extensions\redhat.java-1.55.0-win32-x64\jre\21.0.11-win32-x86_64\bin\jimage.dll
0x00007ff860350000 - 0x00007ff860592000 	C:\WINDOWS\SYSTEM32\DBGHELP.DLL
0x00007ff864db0000 - 0x00007ff865133000 	C:\WINDOWS\System32\combase.dll
0x00007ff8652f0000 - 0x00007ff8653c9000 	C:\WINDOWS\System32\OLEAUT32.dll
0x00007ff840d80000 - 0x00007ff840dbb000 	C:\WINDOWS\SYSTEM32\dbgcore.DLL
0x00007ff863700000 - 0x00007ff8637ac000 	C:\WINDOWS\System32\bcryptPrimitives.dll
0x00007ff848700000 - 0x00007ff84870f000 	c:\Users\birad\.vscode\extensions\redhat.java-1.55.0-win32-x64\jre\21.0.11-win32-x86_64\bin\instrument.dll
0x00007fffe51e0000 - 0x00007fffe5200000 	c:\Users\birad\.vscode\extensions\redhat.java-1.55.0-win32-x64\jre\21.0.11-win32-x86_64\bin\java.dll
0x00007ff864540000 - 0x00007ff864cd2000 	C:\WINDOWS\System32\SHELL32.dll
0x00007ff860aa0000 - 0x00007ff861332000 	C:\WINDOWS\SYSTEM32\windows.storage.dll
0x00007ff865860000 - 0x00007ff865957000 	C:\WINDOWS\System32\SHCORE.dll
0x00007ff8651f0000 - 0x00007ff865257000 	C:\WINDOWS\System32\shlwapi.dll
0x00007ff862f40000 - 0x00007ff862f69000 	C:\WINDOWS\SYSTEM32\profapi.dll
0x00007fffe5140000 - 0x00007fffe5158000 	c:\Users\birad\.vscode\extensions\redhat.java-1.55.0-win32-x64\jre\21.0.11-win32-x86_64\bin\zip.dll
0x00007ff83a7d0000 - 0x00007ff83a7e0000 	C:\Users\birad\.vscode\extensions\redhat.java-1.55.0-win32-x64\jre\21.0.11-win32-x86_64\bin\net.dll
0x00007ff853bb0000 - 0x00007ff853cd7000 	C:\WINDOWS\SYSTEM32\WINHTTP.dll
0x00007ff8622b0000 - 0x00007ff86231c000 	C:\WINDOWS\system32\mswsock.dll
0x00007fffe2630000 - 0x00007fffe2646000 	C:\Users\birad\.vscode\extensions\redhat.java-1.55.0-win32-x64\jre\21.0.11-win32-x86_64\bin\nio.dll
0x00007ff838dc0000 - 0x00007ff838dd0000 	c:\Users\birad\.vscode\extensions\redhat.java-1.55.0-win32-x64\jre\21.0.11-win32-x86_64\bin\verify.dll
0x00007ff81c700000 - 0x00007ff81c745000 	C:\Users\birad\AppData\Roaming\Code\User\globalStorage\redhat.java\1.55.0\config_win\org.eclipse.equinox.launcher\org.eclipse.equinox.launcher.win32.win32.x86_64_1.3.100.v20260613-0559\eclipse_11924.dll
0x00007ff865970000 - 0x00007ff865b09000 	C:\WINDOWS\System32\ole32.dll
0x00007ff8625b0000 - 0x00007ff8625cb000 	C:\WINDOWS\SYSTEM32\CRYPTSP.dll
0x00007ff861c60000 - 0x00007ff861c99000 	C:\WINDOWS\system32\rsaenh.dll
0x00007ff862370000 - 0x00007ff8623a2000 	C:\WINDOWS\SYSTEM32\USERENV.dll
0x00007ff862f10000 - 0x00007ff862f3a000 	C:\WINDOWS\SYSTEM32\bcrypt.dll
0x00007ff8625d0000 - 0x00007ff8625dc000 	C:\WINDOWS\SYSTEM32\CRYPTBASE.dll
0x00007ff861760000 - 0x00007ff861793000 	C:\WINDOWS\SYSTEM32\IPHLPAPI.DLL
0x00007ff865960000 - 0x00007ff86596a000 	C:\WINDOWS\System32\NSI.dll
0x00007ff81c660000 - 0x00007ff81c6a9000 	C:\Users\birad\AppData\Local\Temp\jna-93745774\jna5974316392100809254.dll
0x00007ff863fa0000 - 0x00007ff863fa8000 	C:\WINDOWS\System32\PSAPI.DLL
0x00007ff854cc0000 - 0x00007ff854cdd000 	C:\WINDOWS\SYSTEM32\dhcpcsvc6.DLL
0x00007ff854c90000 - 0x00007ff854cb5000 	C:\WINDOWS\SYSTEM32\dhcpcsvc.DLL
0x00007ff825990000 - 0x00007ff82599e000 	C:\Users\birad\.vscode\extensions\redhat.java-1.55.0-win32-x64\jre\21.0.11-win32-x86_64\bin\sunmscapi.dll
0x00007ff8637c0000 - 0x00007ff863938000 	C:\WINDOWS\System32\CRYPT32.dll
0x00007ff8627f0000 - 0x00007ff862820000 	C:\WINDOWS\SYSTEM32\ncrypt.dll
0x00007ff8627a0000 - 0x00007ff8627df000 	C:\WINDOWS\SYSTEM32\NTASN1.dll
0x00007ff8617a0000 - 0x00007ff8618f6000 	C:\WINDOWS\SYSTEM32\DNSAPI.dll
0x00007ff862040000 - 0x00007ff86204d000 	C:\WINDOWS\SYSTEM32\DSPARSE.dll
0x00007ff853d50000 - 0x00007ff853d5b000 	C:\Windows\System32\rasadhlp.dll
0x00007ff854ff0000 - 0x00007ff855076000 	C:\WINDOWS\System32\fwpuclnt.dll
0x00007ff8257b0000 - 0x00007ff8257b9000 	C:\Users\birad\.vscode\extensions\redhat.java-1.55.0-win32-x64\jre\21.0.11-win32-x86_64\bin\extnet.dll

JVMTI agents:
c:\Users\birad\.vscode\extensions\redhat.java-1.55.0-win32-x64\lombok\lombok-1.18.39-4050.jar path:c:\Users\birad\.vscode\extensions\redhat.java-1.55.0-win32-x64\jre\21.0.11-win32-x86_64\bin\instrument.dll, loaded, initialized, instrumentlib options:none

dbghelp: loaded successfully - version: 4.0.5 - missing functions: none
symbol engine: initialized successfully - sym options: 0x614 - pdb path: .;c:\Users\birad\.vscode\extensions\redhat.java-1.55.0-win32-x64\jre\21.0.11-win32-x86_64\bin;C:\WINDOWS\SYSTEM32;C:\WINDOWS\WinSxS\amd64_microsoft.windows.common-controls_6595b64144ccf1df_6.0.26100.8875_none_3e0d5d42e32fe9dd;c:\Users\birad\.vscode\extensions\redhat.java-1.55.0-win32-x64\jre\21.0.11-win32-x86_64\bin\server;C:\Users\birad\AppData\Roaming\Code\User\globalStorage\redhat.java\1.55.0\config_win\org.eclipse.equinox.launcher\org.eclipse.equinox.launcher.win32.win32.x86_64_1.3.100.v20260613-0559;C:\Users\birad\AppData\Local\Temp\jna-93745774

VM Arguments:
jvm_args: --add-modules=ALL-SYSTEM --add-opens=java.base/java.util=ALL-UNNAMED --add-opens=java.base/java.lang=ALL-UNNAMED --add-opens=java.base/sun.nio.fs=ALL-UNNAMED -Declipse.application=org.eclipse.jdt.ls.core.id1 -Dosgi.bundles.defaultStartLevel=4 -Declipse.product=org.eclipse.jdt.ls.core.product -Djava.import.generatesMetadataFilesAtProjectRoot=false -DDetectVMInstallationsJob.disabled=true -Dfile.encoding=utf8 -XX:+UseParallelGC -XX:GCTimeRatio=4 -XX:AdaptiveSizePolicyWeight=90 -Dsun.zip.disableMemoryMapping=true -Xmx2G -Xms100m -Xlog:disable -javaagent:c:\Users\birad\.vscode\extensions\redhat.java-1.55.0-win32-x64\lombok\lombok-1.18.39-4050.jar -XX:+HeapDumpOnOutOfMemoryError -XX:HeapDumpPath=c:\Users\birad\AppData\Roaming\Code\User\workspaceStorage\f13551f67a0f6e47627a7127653a4e58\redhat.java -Daether.dependencyCollector.impl=bf 
java_command: c:\Users\birad\.vscode\extensions\redhat.java-1.55.0-win32-x64\server\plugins\org.eclipse.equinox.launcher_1.7.200.v20260619-2039.jar -configuration c:\Users\birad\AppData\Roaming\Code\User\globalStorage\redhat.java\1.55.0\config_win -data c:\Users\birad\AppData\Roaming\Code\User\workspaceStorage\f13551f67a0f6e47627a7127653a4e58\redhat.java\jdt_ws --pipe=\\.\pipe\lsp-d014e1e57bd930db79b0298833e006f8-sock
java_class_path (initial): c:\Users\birad\.vscode\extensions\redhat.java-1.55.0-win32-x64\server\plugins\org.eclipse.equinox.launcher_1.7.200.v20260619-2039.jar
Launcher Type: SUN_STANDARD

[Global flags]
    uintx AdaptiveSizePolicyWeight                 = 90                                        {product} {command line}
     intx CICompilerCount                          = 4                                         {product} {ergonomic}
    uintx GCTimeRatio                              = 4                                         {product} {command line}
     bool HeapDumpOnOutOfMemoryError               = true                                   {manageable} {command line}
    ccstr HeapDumpPath                             = c:\Users\birad\AppData\Roaming\Code\User\workspaceStorage\f13551f67a0f6e47627a7127653a4e58\redhat.java         {manageable} {command line}
   size_t InitialHeapSize                          = 104857600                                 {product} {command line}
   size_t MaxHeapSize                              = 2147483648                                {product} {command line}
   size_t MaxNewSize                               = 715653120                                 {product} {ergonomic}
   size_t MinHeapDeltaBytes                        = 524288                                    {product} {ergonomic}
   size_t MinHeapSize                              = 104857600                                 {product} {command line}
   size_t NewSize                                  = 34603008                                  {product} {ergonomic}
    uintx NonNMethodCodeHeapSize                   = 5839372                                {pd product} {ergonomic}
    uintx NonProfiledCodeHeapSize                  = 122909434                              {pd product} {ergonomic}
   size_t OldSize                                  = 70254592                                  {product} {ergonomic}
    uintx ProfiledCodeHeapSize                     = 122909434                              {pd product} {ergonomic}
    uintx ReservedCodeCacheSize                    = 251658240                              {pd product} {ergonomic}
     bool SegmentedCodeCache                       = true                                      {product} {ergonomic}
   size_t SoftMaxHeapSize                          = 2147483648                             {manageable} {ergonomic}
     bool UseCompressedOops                        = true                           {product lp64_product} {ergonomic}
     bool UseLargePagesIndividualAllocation        = false                                  {pd product} {ergonomic}
     bool UseParallelGC                            = true                                      {product} {command line}

Logging:
Log output configuration:
 #0: stdout all=off uptime,level,tags foldmultilines=false
 #1: stderr all=off uptime,level,tags foldmultilines=false

Release file:
JAVA_VERSION="21.0.11" 
MODULES="java.base java.compiler java.datatransfer java.xml java.prefs java.desktop java.instrument java.logging java.management java.security.sasl java.naming java.rmi java.management.rmi java.net.http java.scripting java.security.jgss java.transaction.xa java.sql java.sql.rowset java.xml.crypto java.se java.smartcardio jdk.accessibility jdk.internal.jvmstat jdk.attach jdk.charsets jdk.internal.opt jdk.zipfs jdk.compiler jdk.crypto.ec jdk.crypto.cryptoki jdk.crypto.mscapi jdk.dynalink jdk.internal.ed jdk.editpad jdk.hotspot.agent jdk.httpserver jdk.internal.le jdk.internal.vm.ci jdk.internal.vm.compiler jdk.internal.vm.compiler.management jdk.jartool jdk.javadoc jdk.jcmd jdk.management jdk.management.agent jdk.jconsole jdk.jdeps jdk.jdwp.agent jdk.jdi jdk.jfr jdk.jshell jdk.jsobject jdk.jstatd jdk.localedata jdk.management.jfr jdk.naming.dns jdk.naming.rmi jdk.net jdk.nio.mapmode jdk.random jdk.sctp jdk.security.auth jdk.security.jgss jdk.unsupported jdk.unsupported.desktop jdk.xml.dom" 

Environment Variables:
JAVA_HOME=C:\Program Files\Java\jdk-21
PATH=C:\Program Files\Python312\Scripts\;C:\Program Files\Python312\;C:\Program Files\Java\jdk-21\bin;C:\Program Files\apache-maven-3.9.9\bin;C:\Program Files\nodejs;C:\Users\birad\AppData\Local\Programs\Python\Python315\Scripts\;C:\Users\birad\AppData\Local\Programs\Python\Python315\;C:\Program Files\Java\jdk-21\bin;C:\Users\birad\AppData\Local\Programs\Microsoft VS Code\bin;C:\Program Files\apache-maven-3.9.9\bin;C:\Users\birad\AppData\Local\Programs\Antigravity\bin
USERNAME=birad
OS=Windows_NT
PROCESSOR_IDENTIFIER=Intel64 Family 6 Model 140 Stepping 1, GenuineIntel
TMP=C:\Users\birad\AppData\Local\Temp
TEMP=C:\Users\birad\AppData\Local\Temp




Periodic native trim disabled

---------------  S Y S T E M  ---------------

OS:
 Windows 11 , 64 bit Build 26100 (10.0.26100.8875)
OS uptime: 0 days 5:33 hours
Hyper-V role detected

CPU: total 8 (initial active 8) (4 cores per cpu, 2 threads per core) family 6 model 140 stepping 1 microcode 0xbe, cx8, cmov, fxsr, ht, mmx, 3dnowpref, sse, sse2, sse3, ssse3, sse4.1, sse4.2, popcnt, lzcnt, tsc, tscinvbit, avx, avx2, aes, erms, clmul, bmi1, bmi2, adx, avx512f, avx512dq, avx512cd, avx512bw, avx512vl, sha, fma, vzeroupper, avx512_vpopcntdq, avx512_vpclmulqdq, avx512_vaes, avx512_vnni, clflush, clflushopt, clwb, avx512_vbmi2, avx512_vbmi, hv, rdtscp, rdpid, fsrm, gfni, avx512_bitalg, f16c, cet_ibt, cet_ss, avx512_ifma
Processor Information for the first 8 processors :
  Max Mhz: 2419, Current Mhz: 2419, Mhz Limit: 2419

Memory: 4k page, system-wide physical 16118M (1668M free)
TotalPageFile size 20214M (AvailPageFile size 19M)
current process WorkingSet (physical memory assigned to process): 442M, peak: 442M
current process commit charge ("private bytes"): 450M, peak: 452M

vm_info: OpenJDK 64-Bit Server VM (21.0.11+10-LTS) for windows-amd64 JRE (21.0.11+10-LTS), built on 2026-04-21T00:00:00Z by "admin" with MS VC++ 17.12 (VS2022)

END.
